// Jest Snapshot v1, https://goo.gl/fbAQLP

exports[`Validate render Header component 1`] = `
<div>
  Softplan
</div>
`;
